// Jest Snapshot v1, https://goo.gl/fbAQLP

exports[`function react fc 1`] = `
Object {
  "TypedInitializedFunction": Object {
    "generics": Array [
      Object {
        "name": "P",
      },
    ],
    "kind": 11,
    "name": "TypedInitializedFunction",
    "parameters": Array [
      Object {
        "generics": Array [
          Object {
            "name": "P",
          },
        ],
        "kind": 15,
        "name": "props",
        "properties": Array [
          Object {
            "kind": 1,
            "name": "m",
            "optional": true,
            "parent": "Props",
          },
          Object {
            "kind": 4,
            "name": "children",
            "optional": true,
            "parent": "PropsWithChildren",
            "properties": Array [
              Object {
                "kind": 4,
                "name": "ReactNode",
                "properties": Array [
                  Object {
                    "kind": 4,
                    "name": "ReactChild",
                    "properties": Array [
                      Object {
                        "generics": Array [
                          Object {
                            "name": "P",
                          },
                          Object {
                            "name": "T",
                          },
                        ],
                        "kind": 14,
                        "name": "ReactElement",
                        "properties": Array [
                          Object {
                            "kind": 15,
                            "name": "type",
                            "type": "T",
                          },
                          Object {
                            "kind": 15,
                            "name": "props",
                            "type": "P",
                          },
                          Object {
                            "kind": 4,
                            "name": "key",
                            "properties": Array [
                              Object {
                                "kind": 4,
                                "name": "Key",
                                "properties": Array [
                                  Object {
                                    "kind": 1,
                                  },
                                  Object {
                                    "kind": 2,
                                  },
                                ],
                              },
                              Object {
                                "kind": 10,
                              },
                            ],
                          },
                        ],
                      },
                      Object {
                        "kind": 4,
                        "name": "ReactText",
                        "properties": Array [
                          Object {
                            "kind": 1,
                          },
                          Object {
                            "kind": 2,
                          },
                        ],
                      },
                    ],
                  },
                  Object {
                    "kind": 4,
                    "name": "ReactFragment",
                    "properties": Array [
                      Object {
                        "kind": 15,
                      },
                      Object {
                        "kind": 14,
                        "name": "ReactNodeArray",
                        "properties": Array [
                          Object {
                            "index": Object {
                              "kind": 2,
                              "name": "n",
                            },
                            "kind": 20,
                            "type": Object {
                              "kind": 15,
                              "name": "T",
                            },
                          },
                        ],
                      },
                    ],
                  },
                  Object {
                    "kind": 14,
                    "name": "ReactPortal",
                    "properties": Array [
                      Object {
                        "kind": 4,
                        "name": "key",
                        "properties": Array [
                          Object {
                            "kind": 4,
                            "name": "Key",
                            "properties": Array [
                              Object {
                                "kind": 1,
                              },
                              Object {
                                "kind": 2,
                              },
                            ],
                          },
                          Object {
                            "kind": 10,
                          },
                        ],
                      },
                      Object {
                        "kind": 15,
                        "name": "children",
                        "type": "ReactNode",
                      },
                      Object {
                        "kind": 15,
                        "name": "type",
                        "parent": "ReactElement",
                        "type": "T",
                      },
                      Object {
                        "kind": 15,
                        "name": "props",
                        "parent": "ReactElement",
                        "type": "P",
                      },
                    ],
                  },
                  Object {
                    "kind": 3,
                  },
                  Object {
                    "kind": 10,
                  },
                  Object {
                    "kind": 8,
                  },
                ],
              },
              Object {
                "kind": 8,
              },
            ],
          },
        ],
      },
    ],
    "properties": Array [
      Object {
        "kind": 4,
        "name": "propTypes",
        "optional": true,
        "parent": "FunctionComponent",
        "properties": Array [
          Object {
            "generics": Array [
              Object {
                "name": "T",
              },
            ],
            "kind": 15,
            "name": "WeakValidationMap",
          },
          Object {
            "kind": 8,
          },
        ],
      },
      Object {
        "kind": 4,
        "name": "contextTypes",
        "optional": true,
        "parent": "FunctionComponent",
        "properties": Array [
          Object {
            "generics": Array [
              Object {
                "name": "T",
              },
            ],
            "kind": 15,
            "name": "ValidationMap",
          },
          Object {
            "kind": 8,
          },
        ],
      },
      Object {
        "kind": 4,
        "name": "defaultProps",
        "optional": true,
        "parent": "FunctionComponent",
        "properties": Array [
          Object {
            "description": "Make all properties in T optional",
            "generics": Array [
              Object {
                "name": "T",
              },
            ],
            "kind": 15,
            "name": "Partial",
          },
          Object {
            "kind": 8,
          },
        ],
      },
      Object {
        "kind": 4,
        "name": "displayName",
        "optional": true,
        "parent": "FunctionComponent",
        "properties": Array [
          Object {
            "kind": 1,
          },
          Object {
            "kind": 8,
          },
        ],
      },
    ],
  },
}
`;
